0.80 0.80 0.80 0.80 
0.80 0.00 0.80 0.80 
0.00 0.00 0.00 0.83 
0.00 0.00 0.83 0.00 
