0.17 0.00 0.92 0.10 
0.17 0.00 0.00 0.17 
0.00 0.92 0.00 0.17 
0.00 1.00 0.00 0.10 
