0.25 0.25 0.25 0.25 0.25 0.25 0.25 0.25 0.25 0.25 
0.43 0.25 0.25 0.25 0.25 0.25 0.25 0.25 0.25 0.25 
0.00 0.75 0.25 0.25 0.25 0.25 0.25 0.25 0.25 0.25 
0.00 0.00 0.57 0.25 0.25 0.25 0.25 0.25 0.25 0.25 
0.00 0.00 0.00 0.68 0.25 0.25 0.25 0.25 0.25 0.25 
0.00 0.00 0.00 0.00 0.62 0.25 0.25 0.25 0.25 0.25 
0.00 0.00 0.00 0.00 0.00 0.37 0.25 0.25 0.25 0.25 
0.00 0.00 0.00 0.00 0.37 0.25 0.25 0.25 0.25 0.25 
0.00 0.00 0.00 1.00 0.25 0.25 0.25 0.25 0.25 0.25 
0.00 0.00 0.00 0.00 0.25 0.25 0.25 0.25 0.25 0.25 
