0.60 0.60 0.62 0.60 
0.68 0.62 0.00 0.62 
0.00 0.81 0.62 0.60 
0.00 0.00 0.68 0.60 
