0.77 0.72 0.00 0.72 
0.00 0.77 0.72 0.00 
0.00 0.00 0.00 0.00 
0.00 0.77 0.77 0.00 
0.77 0.70 0.70 0.77 
