0.10 0.37 0.00 0.37 
0.10 0.10 0.37 0.10 
0.10 0.10 0.37 0.10 
0.10 0.37 0.00 0.37 
