0.00 1.00 0.10 0.10 
0.00 0.00 0.37 0.10 
0.00 0.00 0.00 0.37 
0.00 0.00 0.37 0.10 
0.00 1.00 0.10 0.10 
