0.20 0.20 0.34 0.20 
0.20 0.34 0.00 0.34 
0.20 0.20 0.34 0.20 
0.20 0.20 0.20 0.20 
