0.20 0.20 0.20 0.20 
0.20 0.20 0.20 0.20 
0.56 0.20 0.20 0.20 
0.00 0.56 0.20 0.20 
