0.20 0.20 0.20 0.20 
0.31 0.20 0.20 0.20 
0.00 0.86 0.20 0.20 
0.00 0.00 0.31 0.20 
