0.30 0.30 0.30 0.30 
0.42 0.30 0.30 0.30 
0.00 0.83 0.30 0.30 
0.00 0.00 0.42 0.30 
