0.00 1.00 0.20 0.20 
0.00 0.00 0.41 0.20 
0.00 0.00 0.00 0.41 
0.00 0.00 0.41 0.20 
0.00 1.00 0.20 0.20 
