0.30 0.30 0.30 0.30 0.30 0.30 0.30 0.30 0.30 0.30 
0.30 0.30 0.30 0.30 0.30 0.30 0.30 0.30 0.30 0.30 
0.59 0.30 0.30 0.30 0.30 0.30 0.30 0.30 0.30 0.30 
0.00 0.59 0.30 0.30 0.30 0.30 0.30 0.30 0.30 0.30 
0.00 0.00 1.00 0.48 0.30 0.30 0.30 0.30 0.30 0.30 
0.00 0.00 0.00 0.00 0.74 0.30 0.30 0.30 0.30 0.30 
0.00 0.00 0.00 0.00 0.00 0.38 0.30 0.30 0.30 0.30 
0.00 0.00 0.00 0.00 0.38 0.30 0.30 0.30 0.30 0.30 
0.00 0.00 0.00 1.00 0.30 0.30 0.30 0.30 0.30 0.30 
0.00 0.00 0.00 0.00 0.30 0.30 0.30 0.30 0.30 0.30 
